<html>
<body>
<pre>
<h1>礦ision Build Log</h1>
<h2>Tool Versions:</h2>
IDE-Version: μVision V5.40.0.0
Copyright (C) 2024 ARM Ltd and ARM Germany GmbH. All rights reserved.
License Information: 1 554805466@qq.com, 1, LIC=65ISZ-J677K-01TP1-CN9HU-T45UY-PTSVT
 
Tool Versions:
Toolchain:       MDK-ARM Plus  Version: 5.40.0.3
Toolchain Path:  E:\My_Keil5\ARM\ARMCC\Bin
C Compiler:      Armcc.exe V5.06 update 7 (build 960)
Assembler:       Armasm.exe V5.06 update 7 (build 960)
Linker/Locator:  ArmLink.exe V5.06 update 7 (build 960)
Library Manager: ArmAr.exe V5.06 update 7 (build 960)
Hex Converter:   FromElf.exe V5.06 update 7 (build 960)
CPU DLL:         SARMCM3.DLL V5.40.0.3
Dialog DLL:      DCM.DLL V1.17.5.0
Target DLL:      Segger\JL2CM3.dll V2.99.44.0
Dialog DLL:      TCM.DLL V1.56.4.0
 
<h2>Project:</h2>
C:\Users\55480\Desktop\My_Project\安卓串口助手开发（小蜜蜂Pro）\小蜜蜂串口助手测试（STM32）\Project.uvprojx
Project File Date:  06/11/2026

<h2>Output:</h2>
*** Using Compiler 'V5.06 update 7 (build 960)', folder: 'E:\My_Keil5\ARM\ARMCC\Bin'
Build target 'Target 1'
assembling startup_stm32f10x_md.s...
compiling system_stm32f10x.c...
compiling misc.c...
compiling stm32f10x_can.c...
compiling stm32f10x_adc.c...
compiling stm32f10x_crc.c...
compiling stm32f10x_bkp.c...
compiling stm32f10x_cec.c...
compiling core_cm3.c...
compiling stm32f10x_dac.c...
compiling stm32f10x_dbgmcu.c...
compiling stm32f10x_exti.c...
compiling stm32f10x_gpio.c...
compiling stm32f10x_dma.c...
compiling stm32f10x_flash.c...
compiling stm32f10x_fsmc.c...
compiling stm32f10x_iwdg.c...
compiling stm32f10x_i2c.c...
compiling stm32f10x_pwr.c...
compiling stm32f10x_spi.c...
compiling stm32f10x_rtc.c...
compiling stm32f10x_sdio.c...
compiling stm32f10x_rcc.c...
compiling stm32f10x_tim.c...
compiling stm32f10x_wwdg.c...
compiling stm32f10x_usart.c...
compiling Delay.c...
compiling LED.c...
Hardware\LED.h(14): warning:  #1-D: last line of file ends without a newline
  #endif
Hardware\LED.c(70): warning:  #1-D: last line of file ends without a newline
  }
Hardware\LED.c: 2 warnings, 0 errors
compiling Buzzer.c...
Hardware\Buzzer.h(10): warning:  #1-D: last line of file ends without a newline
  #endif
Hardware\Buzzer.c(40): warning:  #1-D: last line of file ends without a newline
  }
Hardware\Buzzer.c: 2 warnings, 0 errors
compiling KEY.c...
Hardware\KEY.h(7): warning:  #1-D: last line of file ends without a newline
  #endif
Hardware\KEY.c(44): warning:  #1-D: last line of file ends without a newline
  }
Hardware\KEY.c: 2 warnings, 0 errors
compiling stm32f10x_it.c...
compiling OLED.c...
compiling My_USART1.c...
compiling main.c...
.\Hardware\LED.h(14): warning:  #1-D: last line of file ends without a newline
  #endif
.\Hardware\KEY.h(7): warning:  #1-D: last line of file ends without a newline
  #endif
.\Hardware\Buzzer.h(10): warning:  #1-D: last line of file ends without a newline
  #endif
User\main.c(106): warning:  #1-D: last line of file ends without a newline
  }
User\main.c(11): warning:  #177-D: variable "a"  was declared but never referenced
  static int8_t a = 0;
User\main.c: 5 warnings, 0 errors
linking...
Program Size: Code=3472 RO-data=1788 RW-data=36 ZI-data=1028  
".\Objects\Project.axf" - 0 Error(s), 11 Warning(s).

<h2>Software Packages used:</h2>

Package Vendor: Keil
                http://www.keil.com/pack/Keil.STM32F1xx_DFP.2.2.0.pack
                Keil::STM32F1xx_DFP@2.2.0
                STMicroelectronics STM32F1 Series Device Support, Drivers and Examples

<h2>Collection of Component include folders:</h2>
  E:/My_Keil5/Keil/STM32F1xx_DFP/2.2.0/Device/Include

<h2>Collection of Component Files used:</h2>
Build Time Elapsed:  00:00:05
</pre>
</body>
</html>
